{
    "type": "Abs",
    "operand": {
        "type": "Add",
        "lhs": {
            "type": "Numeric",
            "value": "6345.571"
        },
        "fenceLhs": false,
        "rhs": {
            "type": "Neg",
            "operand": {
                "type": "Sqrt",
                "operand": {
                    "type": "Add",
                    "lhs": {
                        "type": "Numeric",
                        "value": "5336"
                    },
                    "fenceLhs": false,
                    "rhs": {
                        "type": "Add",
                        "lhs": {
                            "type": "Abs",
                            "operand": {
                                "type": "Numeric",
                                "value": "1176"
                            },
                            "fenceOperand": false
                        },
                        "fenceLhs": false,
                        "rhs": {
                            "type": "Numeric",
                            "value": "1945"
                        },
                        "fenceRhs": false
                    },
                    "fenceRhs": true
                },
                "fenceOperand": true
            },
            "fenceOperand": false
        },
        "fenceRhs": false
    },
    "fenceOperand": true
}