{
    "type": "Neg",
    "operand": {
        "type": "Sub",
        "lhs": {
            "type": "Neg",
            "operand": {
                "type": "Sqrt",
                "operand": {
                    "type": "Add",
                    "lhs": {
                        "type": "Div",
                        "lhs": {
                            "type": "Numeric",
                            "value": "5636"
                        },
                        "fenceLhs": false,
                        "rhs": {
                            "type": "Add",
                            "lhs": {
                                "type": "Numeric",
                                "value": "9808.690"
                            },
                            "fenceLhs": false,
                            "rhs": {
                                "type": "Numeric",
                                "value": "6201"
                            },
                            "fenceRhs": false
                        },
                        "fenceRhs": true
                    },
                    "fenceLhs": false,
                    "rhs": {
                        "type": "Numeric",
                        "value": "7527.507"
                    },
                    "fenceRhs": false
                },
                "fenceOperand": true
            },
            "fenceOperand": false
        },
        "fenceLhs": false,
        "rhs": {
            "type": "Numeric",
            "value": "7163.447"
        },
        "fenceRhs": false
    },
    "fenceOperand": true
}