sqrt(5462 + sqrt(9408 * ((2547.778 - (5473.933 + 468)) * 550.773)))