1814.531 + 448.308 * (2083.776 * sqrt(-1435.851)) * 816 + 3953.889