5375.396 * (8537.483 * sqrt(-(1125.118 - 7056.294 ^ 4346 + 4625.156)) * 857.78)