-(-sqrt(5636 / (9808.690 + 6201) + 7527.507) - 7163.447)