5717 * (sqrt((2256.470 + 7669 ^ 8716.916) * 2664 - 8435.582) * 7420 - 2548)