3788.55 + -(8590.534 / +((7233.501 + 4715.866) / 1316) * 9423)