sqrt(2174.778 * (7845 / (4334.374 - (3373.294 - +2269))) + 4307.185)