-sqrt(sqrt(3306.863 + sqrt(sqrt(9126.474 - 9590.882))))