2554.769 / -((9447.652 + 2655 / (8620.568 - -6162)) * 5328.376)