7432.442 + +sqrt(+(88 * sqrt(4123.989 * 9098.210)))