1235.317 * +(-(9780.530 * sqrt(-8142.740)) - 5575)