(5606 / sqrt(3046 / (6957.149 * 1994)) - 4847 - 5100.370) * 917.460