-(sqrt(9802.858 - -(8734.684 - 24 - 6093.784)) * 9568)