+(sqrt(-(5454.955 * 7497.199)) + 9173.355) / 1849.684 - 2544